C:\Users\Aluno 108\Downloads\barbearia-main\barbearia-main\src\main\java\app\entity\Funcionario.java
C:\Users\Aluno 108\Downloads\barbearia-main\barbearia-main\src\main\java\app\controller\FormaPagamentoController.java
C:\Users\Aluno 108\Downloads\barbearia-main\barbearia-main\src\main\java\app\entity\FormaPagamento.java
C:\Users\Aluno 108\Downloads\barbearia-main\barbearia-main\src\main\java\app\controller\HorarioController.java
C:\Users\Aluno 108\Downloads\barbearia-main\barbearia-main\src\main\java\app\service\ClienteService.java
C:\Users\Aluno 108\Downloads\barbearia-main\barbearia-main\src\main\java\app\service\PagamentoService.java
C:\Users\Aluno 108\Downloads\barbearia-main\barbearia-main\src\main\java\app\repository\HorarioRepository.java
C:\Users\Aluno 108\Downloads\barbearia-main\barbearia-main\src\main\java\app\controller\ClienteController.java
C:\Users\Aluno 108\Downloads\barbearia-main\barbearia-main\src\main\java\app\service\HorarioService.java
C:\Users\Aluno 108\Downloads\barbearia-main\barbearia-main\src\main\java\app\App.java
C:\Users\Aluno 108\Downloads\barbearia-main\barbearia-main\src\main\java\app\service\FuncionarioService.java
C:\Users\Aluno 108\Downloads\barbearia-main\barbearia-main\src\main\java\app\repository\FuncionarioRepository.java
C:\Users\Aluno 108\Downloads\barbearia-main\barbearia-main\src\main\java\app\controller\PagamentoController.java
C:\Users\Aluno 108\Downloads\barbearia-main\barbearia-main\src\main\java\app\repository\PagamentoRepository.java
C:\Users\Aluno 108\Downloads\barbearia-main\barbearia-main\src\main\java\app\entity\Cliente.java
C:\Users\Aluno 108\Downloads\barbearia-main\barbearia-main\src\main\java\app\service\FormaPagamentoService.java
C:\Users\Aluno 108\Downloads\barbearia-main\barbearia-main\src\main\java\app\repository\FormaPagamentoRepository.java
C:\Users\Aluno 108\Downloads\barbearia-main\barbearia-main\src\main\java\app\entity\Horario.java
C:\Users\Aluno 108\Downloads\barbearia-main\barbearia-main\src\main\java\app\controller\FuncionarioController.java
C:\Users\Aluno 108\Downloads\barbearia-main\barbearia-main\src\main\java\app\entity\Pagamento.java
C:\Users\Aluno 108\Downloads\barbearia-main\barbearia-main\src\main\java\app\repository\ClienteRepository.java
