C:\Users\Aluno 108\Downloads\barbearia-main\barbearia-main\src\test\java\app\controller\HorarioControllerTest.java
C:\Users\Aluno 108\Downloads\barbearia-main\barbearia-main\src\test\java\app\service\FormaPagamentoServiceTest.java
C:\Users\Aluno 108\Downloads\barbearia-main\barbearia-main\src\test\java\app\service\HorarioServiceTest.java
C:\Users\Aluno 108\Downloads\barbearia-main\barbearia-main\src\test\java\app\controller\FuncionarioControllerTest.java
C:\Users\Aluno 108\Downloads\barbearia-main\barbearia-main\src\test\java\app\controller\FormaPagamentoControllerTest.java
C:\Users\Aluno 108\Downloads\barbearia-main\barbearia-main\src\test\java\app\controller\ClienteControllerTest.java
C:\Users\Aluno 108\Downloads\barbearia-main\barbearia-main\src\test\java\app\controller\PagamentoControllerTest.java
C:\Users\Aluno 108\Downloads\barbearia-main\barbearia-main\src\test\java\app\service\ClienteServiceTest.java
C:\Users\Aluno 108\Downloads\barbearia-main\barbearia-main\src\test\java\app\service\FuncionarioServiceTest.java
C:\Users\Aluno 108\Downloads\barbearia-main\barbearia-main\src\test\java\app\service\PagamentoServiceTest.java
